dataset=TPK1
started=2026-09-28 04:52:19
unique_sequences=404137
labeled_reads=3591326
unlabeled_reads=6903397
fitting with a fold 1 ...
  |                                                          |                                                  |   0%
fitting with a fold 2 ...
fitting with a fold 3 ...
fitting with a fold 4 ...
fitting with a fold 5 ...
fitting with a fold 6 ...
fitting with a fold 7 ...
fitting with a fold 8 ...
fitting with a fold 9 ...
fitting with a fold 10 ...
obtaining an average ROC curve for each py1...
choosing an optimal py1 value...
selected_py=0.002667799
auc_corrected=0.7615756
auc_pu=0.7608777
reference_auc=0.7615756
finished=2026-09-28 12:47:19
status=ok
